asd	rty	zxc
1.1000	3	b
2.1233	1	a
4.2000	5	c
asd	rty	zxc
1.1000	3	b
4.2000	5	c
5.0000	1	a
