lkj	mnb	bvc	dfj
1	2	3	a
2	3	4	a
3	4	5	a
NULL	7	7	a
