Database
aCs
eDc
iJn
qAz
wer	ert	rty	tyu
1	10	3	2
1	10	3	3
1	10	3	4
1	10	3	7
1	10	3	8
1	10	3	9
5	10	3	10
5	2	3	20
5	2	NULL	25
5	2	3	30
rty	COUNT(*)
NULL	1
3	9
COUNT(*)
1
9
COUNT(*)
6
4
ert	wer	COUNT(rty)
2	5	2
10	1	6
10	5	1
ert
10
10
10
10
10
10
10
2
2
2
