COUNT(ppbkoqnvgm)
8
COUNT(gregdodxcv)
8
COUNT(lqhnzjnnnbz)
10
COUNT(gregdodxcv)
8
