stu_id
2018011243
2018011344
2018011445
2018011666
2018011777
stu_id
2018011243
2018011344
2018011445
2018011243
2018011666
2018011777
